src/pages/ClientsPage-DESKTOP-BGUIRLK.tsx(7,47): error TS6133: 'ChevronDown' is declared but its value is never read.
src/pages/MonthlyReportsPage.tsx(4,45): error TS6133: 'ArrowRight' is declared but its value is never read.
src/pages/MonthlyReportsPage.tsx(49,33): error TS6133: 'format' is declared but its value is never read.
