src/pages/AuditLogsPage.tsx(44,71): error TS1005: ':' expected.
src/pages/AuditLogsPage.tsx(191,63): error TS1005: ';' expected.
src/pages/AuditLogsPage.tsx(191,77): error TS1005: ';' expected.
src/pages/AuditLogsPage.tsx(191,92): error TS1005: ';' expected.
src/pages/AuditLogsPage.tsx(191,101): error TS1005: ';' expected.
src/pages/AuditLogsPage.tsx(191,110): error TS1005: ';' expected.
src/pages/AuditLogsPage.tsx(191,125): error TS1005: ';' expected.
src/pages/AuditLogsPage.tsx(191,135): error TS1351: An identifier or keyword cannot immediately follow a numeric literal.
src/pages/AuditLogsPage.tsx(191,139): error TS1005: ';' expected.
src/pages/AuditLogsPage.tsx(191,151): error TS1005: ';' expected.
src/pages/AuditLogsPage.tsx(191,167): error TS1005: ';' expected.
src/pages/AuditLogsPage.tsx(191,174): error TS1434: Unexpected keyword or identifier.
src/pages/AuditLogsPage.tsx(242,1): error TS1160: Unterminated template literal.
